Archive member included to satisfy reference by file (symbol)

../qtouch/lib/gcc\libqtm_touch_key_t816_0x0002.a(avr_touch_key_g_t816.o)
                              touch.o (qtm_update_qtlib_timer)
../qtouch/lib/gcc\libqtm_acq_runtime_t816_0x0008.a(avr_acq_runtime_g_t816.o)
                              touch.o (qtm_acquisition_process)
c:/program files (x86)/atmel/studio/7.0/toolchain/avr8/avr8-gnu-toolchain/bin/../lib/gcc/avr/5.4.0/../../../../avr/lib/avrxmega3/short-calls\libm.a(divsf3.o)
                              main.o (__divsf3)
c:/program files (x86)/atmel/studio/7.0/toolchain/avr8/avr8-gnu-toolchain/bin/../lib/gcc/avr/5.4.0/../../../../avr/lib/avrxmega3/short-calls\libm.a(divsf3x.o)
                              c:/program files (x86)/atmel/studio/7.0/toolchain/avr8/avr8-gnu-toolchain/bin/../lib/gcc/avr/5.4.0/../../../../avr/lib/avrxmega3/short-calls\libm.a(divsf3.o) (__divsf3x)
c:/program files (x86)/atmel/studio/7.0/toolchain/avr8/avr8-gnu-toolchain/bin/../lib/gcc/avr/5.4.0/../../../../avr/lib/avrxmega3/short-calls\libm.a(fixunssfsi.o)
                              main.o (__fixunssfsi)
c:/program files (x86)/atmel/studio/7.0/toolchain/avr8/avr8-gnu-toolchain/bin/../lib/gcc/avr/5.4.0/../../../../avr/lib/avrxmega3/short-calls\libm.a(floatsisf.o)
                              main.o (__floatunsisf)
c:/program files (x86)/atmel/studio/7.0/toolchain/avr8/avr8-gnu-toolchain/bin/../lib/gcc/avr/5.4.0/../../../../avr/lib/avrxmega3/short-calls\libm.a(fp_inf.o)
                              c:/program files (x86)/atmel/studio/7.0/toolchain/avr8/avr8-gnu-toolchain/bin/../lib/gcc/avr/5.4.0/../../../../avr/lib/avrxmega3/short-calls\libm.a(divsf3x.o) (__fp_inf)
c:/program files (x86)/atmel/studio/7.0/toolchain/avr8/avr8-gnu-toolchain/bin/../lib/gcc/avr/5.4.0/../../../../avr/lib/avrxmega3/short-calls\libm.a(fp_nan.o)
                              c:/program files (x86)/atmel/studio/7.0/toolchain/avr8/avr8-gnu-toolchain/bin/../lib/gcc/avr/5.4.0/../../../../avr/lib/avrxmega3/short-calls\libm.a(divsf3x.o) (__fp_nan)
c:/program files (x86)/atmel/studio/7.0/toolchain/avr8/avr8-gnu-toolchain/bin/../lib/gcc/avr/5.4.0/../../../../avr/lib/avrxmega3/short-calls\libm.a(fp_pscA.o)
                              c:/program files (x86)/atmel/studio/7.0/toolchain/avr8/avr8-gnu-toolchain/bin/../lib/gcc/avr/5.4.0/../../../../avr/lib/avrxmega3/short-calls\libm.a(divsf3x.o) (__fp_pscA)
c:/program files (x86)/atmel/studio/7.0/toolchain/avr8/avr8-gnu-toolchain/bin/../lib/gcc/avr/5.4.0/../../../../avr/lib/avrxmega3/short-calls\libm.a(fp_pscB.o)
                              c:/program files (x86)/atmel/studio/7.0/toolchain/avr8/avr8-gnu-toolchain/bin/../lib/gcc/avr/5.4.0/../../../../avr/lib/avrxmega3/short-calls\libm.a(divsf3x.o) (__fp_pscB)
c:/program files (x86)/atmel/studio/7.0/toolchain/avr8/avr8-gnu-toolchain/bin/../lib/gcc/avr/5.4.0/../../../../avr/lib/avrxmega3/short-calls\libm.a(fp_round.o)
                              c:/program files (x86)/atmel/studio/7.0/toolchain/avr8/avr8-gnu-toolchain/bin/../lib/gcc/avr/5.4.0/../../../../avr/lib/avrxmega3/short-calls\libm.a(divsf3.o) (__fp_round)
c:/program files (x86)/atmel/studio/7.0/toolchain/avr8/avr8-gnu-toolchain/bin/../lib/gcc/avr/5.4.0/../../../../avr/lib/avrxmega3/short-calls\libm.a(fp_split3.o)
                              c:/program files (x86)/atmel/studio/7.0/toolchain/avr8/avr8-gnu-toolchain/bin/../lib/gcc/avr/5.4.0/../../../../avr/lib/avrxmega3/short-calls\libm.a(divsf3x.o) (__fp_split3)
c:/program files (x86)/atmel/studio/7.0/toolchain/avr8/avr8-gnu-toolchain/bin/../lib/gcc/avr/5.4.0/../../../../avr/lib/avrxmega3/short-calls\libm.a(fp_zero.o)
                              c:/program files (x86)/atmel/studio/7.0/toolchain/avr8/avr8-gnu-toolchain/bin/../lib/gcc/avr/5.4.0/../../../../avr/lib/avrxmega3/short-calls\libm.a(fixunssfsi.o) (__fp_zero)
c:/program files (x86)/atmel/studio/7.0/toolchain/avr8/avr8-gnu-toolchain/bin/../lib/gcc/avr/5.4.0/../../../../avr/lib/avrxmega3/short-calls\libm.a(gesf2.o)
                              main.o (__gesf2)
c:/program files (x86)/atmel/studio/7.0/toolchain/avr8/avr8-gnu-toolchain/bin/../lib/gcc/avr/5.4.0/../../../../avr/lib/avrxmega3/short-calls\libm.a(fp_cmp.o)
                              c:/program files (x86)/atmel/studio/7.0/toolchain/avr8/avr8-gnu-toolchain/bin/../lib/gcc/avr/5.4.0/../../../../avr/lib/avrxmega3/short-calls\libm.a(gesf2.o) (__fp_cmp)
c:/program files (x86)/atmel/studio/7.0/toolchain/avr8/avr8-gnu-toolchain/bin/../lib/gcc/avr/5.4.0/avrxmega3/short-calls\libgcc.a(_exit.o)
                              C:/Program Files (x86)/Atmel/Studio/7.0/Packs/Atmel/ATtiny_DFP/1.9.337/gcc/dev/attiny816/avrxmega3/short-calls/crtattiny816.o (exit)
c:/program files (x86)/atmel/studio/7.0/toolchain/avr8/avr8-gnu-toolchain/bin/../lib/gcc/avr/5.4.0/avrxmega3/short-calls\libgcc.a(_copy_data.o)
                              main.o (__do_copy_data)
c:/program files (x86)/atmel/studio/7.0/toolchain/avr8/avr8-gnu-toolchain/bin/../lib/gcc/avr/5.4.0/avrxmega3/short-calls\libgcc.a(_clear_bss.o)
                              main.o (__do_clear_bss)

Allocating common symbols
Common symbol       size              file

I2C_0_stop_interrupt_handler
                    0x2               i2c_slave.o
qtlib_key_grp_data_set1
                    0x6               touch.o
I2C_0_write_interrupt_handler
                    0x2               i2c_slave.o
qtm_acquisition_control_working_set_ptr
                    0x2               ../qtouch/lib/gcc\libqtm_acq_runtime_t816_0x0008.a(avr_acq_runtime_g_t816.o)
I2C_0_read_interrupt_handler
                    0x2               i2c_slave.o
interrupt_cnt       0x1               touch.o
ptc_qtlib_node_stat1
                    0xf               touch.o
touch_acq_signals_raw
                    0x6               touch.o
I2C_0_address_interrupt_handler
                    0x2               i2c_slave.o
I2C_0_bus_error_interrupt_handler
                    0x2               i2c_slave.o
qtlib_key_data_set1
                    0x12              touch.o
qtm_raw_data_measurements_ptr
                    0x2               ../qtouch/lib/gcc\libqtm_acq_runtime_t816_0x0008.a(avr_acq_runtime_g_t816.o)
I2C_0_collision_interrupt_handler
                    0x2               i2c_slave.o

Discarded input sections

 .data          0x00000000        0x0 C:/Program Files (x86)/Atmel/Studio/7.0/Packs/Atmel/ATtiny_DFP/1.9.337/gcc/dev/attiny816/avrxmega3/short-calls/crtattiny816.o
 .bss           0x00000000        0x0 C:/Program Files (x86)/Atmel/Studio/7.0/Packs/Atmel/ATtiny_DFP/1.9.337/gcc/dev/attiny816/avrxmega3/short-calls/crtattiny816.o
 .text          0x00000000        0x0 atmel_start.o
 .data          0x00000000        0x0 atmel_start.o
 .bss           0x00000000        0x0 atmel_start.o
 .text          0x00000000        0x0 driver_isr.o
 .data          0x00000000        0x0 driver_isr.o
 .bss           0x00000000        0x0 driver_isr.o
 .text          0x00000000        0x0 adc_basic.o
 .data          0x00000000        0x0 adc_basic.o
 .bss           0x00000000        0x0 adc_basic.o
 .text.ADC_0_enable
                0x00000000        0xc adc_basic.o
 .text.ADC_0_disable
                0x00000000        0xc adc_basic.o
 .text.ADC_0_get_resolution
                0x00000000       0x10 adc_basic.o
 .text          0x00000000        0x0 main.o
 .data          0x00000000        0x0 main.o
 .bss           0x00000000        0x0 main.o
 .data.touchThreshold
                0x00000000        0x1 main.o
 .text          0x00000000        0x0 touch.o
 .data          0x00000000        0x0 touch.o
 .bss           0x00000000        0x0 touch.o
 .text.get_sensor_node_signal
                0x00000000       0x1a touch.o
 .text.update_sensor_node_signal
                0x00000000       0x1a touch.o
 .text.get_sensor_node_reference
                0x00000000       0x18 touch.o
 .text.update_sensor_node_reference
                0x00000000       0x18 touch.o
 .text.get_sensor_cc_val
                0x00000000       0x1a touch.o
 .text.update_sensor_cc_val
                0x00000000       0x1a touch.o
 .text.update_sensor_state
                0x00000000       0x1e touch.o
 .text          0x00000000        0x0 bod.o
 .data          0x00000000        0x0 bod.o
 .bss           0x00000000        0x0 bod.o
 .text          0x00000000        0x0 clkctrl.o
 .data          0x00000000        0x0 clkctrl.o
 .bss           0x00000000        0x0 clkctrl.o
 .text          0x00000000        0x0 cpuint.o
 .data          0x00000000        0x0 cpuint.o
 .bss           0x00000000        0x0 cpuint.o
 .text          0x00000000        0x0 driver_init.o
 .data          0x00000000        0x0 driver_init.o
 .bss           0x00000000        0x0 driver_init.o
 .text          0x00000000        0x0 i2c_slave.o
 .data          0x00000000        0x0 i2c_slave.o
 .bss           0x00000000        0x0 i2c_slave.o
 .text.I2C_0_close
                0x00000000        0xc i2c_slave.o
 .text.I2C_0_send_nack
                0x00000000        0x8 i2c_slave.o
 .text          0x00000000        0x0 protected_io.o
 .data          0x00000000        0x0 protected_io.o
 .bss           0x00000000        0x0 protected_io.o
 .text          0x00000000        0x0 rtc.o
 .data          0x00000000        0x0 rtc.o
 .bss           0x00000000        0x0 rtc.o
 .text          0x00000000        0x0 slpctrl.o
 .data          0x00000000        0x0 slpctrl.o
 .bss           0x00000000        0x0 slpctrl.o
 .text.SLPCTRL_set_sleep_mode
                0x00000000       0x10 slpctrl.o
 .text          0x00000000        0x0 ../qtouch/lib/gcc\libqtm_touch_key_t816_0x0002.a(avr_touch_key_g_t816.o)
 .data          0x00000000        0x0 ../qtouch/lib/gcc\libqtm_touch_key_t816_0x0002.a(avr_touch_key_g_t816.o)
 .bss           0x00000000        0x0 ../qtouch/lib/gcc\libqtm_touch_key_t816_0x0002.a(avr_touch_key_g_t816.o)
 .text.qtm_key_suspend
                0x00000000       0x4e ../qtouch/lib/gcc\libqtm_touch_key_t816_0x0002.a(avr_touch_key_g_t816.o)
 .text.qtm_key_resume
                0x00000000       0x4e ../qtouch/lib/gcc\libqtm_touch_key_t816_0x0002.a(avr_touch_key_g_t816.o)
 .text.qtm_get_touch_keys_module_id
                0x00000000        0x6 ../qtouch/lib/gcc\libqtm_touch_key_t816_0x0002.a(avr_touch_key_g_t816.o)
 .text.qtm_get_touch_keys_module_ver
                0x00000000        0x4 ../qtouch/lib/gcc\libqtm_touch_key_t816_0x0002.a(avr_touch_key_g_t816.o)
 .text          0x00000000        0x0 ../qtouch/lib/gcc\libqtm_acq_runtime_t816_0x0008.a(avr_acq_runtime_g_t816.o)
 .data          0x00000000        0x0 ../qtouch/lib/gcc\libqtm_acq_runtime_t816_0x0008.a(avr_acq_runtime_g_t816.o)
 .bss           0x00000000        0x0 ../qtouch/lib/gcc\libqtm_acq_runtime_t816_0x0008.a(avr_acq_runtime_g_t816.o)
 .text.qtm_autoscan_sensor_node
                0x00000000      0x266 ../qtouch/lib/gcc\libqtm_acq_runtime_t816_0x0008.a(avr_acq_runtime_g_t816.o)
 .text.qtm_autoscan_node_cancel
                0x00000000       0x22 ../qtouch/lib/gcc\libqtm_acq_runtime_t816_0x0008.a(avr_acq_runtime_g_t816.o)
 .text.qtm_t81x_ptc_handler_wcomp
                0x00000000       0x8c ../qtouch/lib/gcc\libqtm_acq_runtime_t816_0x0008.a(avr_acq_runtime_g_t816.o)
 .text.qtm_ptc_de_init
                0x00000000        0xa ../qtouch/lib/gcc\libqtm_acq_runtime_t816_0x0008.a(avr_acq_runtime_g_t816.o)
 .text.qtm_t81x_acq_module_get_id
                0x00000000        0x6 ../qtouch/lib/gcc\libqtm_acq_runtime_t816_0x0008.a(avr_acq_runtime_g_t816.o)
 .text.qtm_t81x_acq_module_get_version
                0x00000000        0x4 ../qtouch/lib/gcc\libqtm_acq_runtime_t816_0x0008.a(avr_acq_runtime_g_t816.o)
 .bss.ptc_wcomp_happened_pointer
                0x00000000        0x2 ../qtouch/lib/gcc\libqtm_acq_runtime_t816_0x0008.a(avr_acq_runtime_g_t816.o)
 .text          0x00000000        0x0 c:/program files (x86)/atmel/studio/7.0/toolchain/avr8/avr8-gnu-toolchain/bin/../lib/gcc/avr/5.4.0/../../../../avr/lib/avrxmega3/short-calls\libm.a(divsf3.o)
 .data          0x00000000        0x0 c:/program files (x86)/atmel/studio/7.0/toolchain/avr8/avr8-gnu-toolchain/bin/../lib/gcc/avr/5.4.0/../../../../avr/lib/avrxmega3/short-calls\libm.a(divsf3.o)
 .bss           0x00000000        0x0 c:/program files (x86)/atmel/studio/7.0/toolchain/avr8/avr8-gnu-toolchain/bin/../lib/gcc/avr/5.4.0/../../../../avr/lib/avrxmega3/short-calls\libm.a(divsf3.o)
 .text          0x00000000        0x0 c:/program files (x86)/atmel/studio/7.0/toolchain/avr8/avr8-gnu-toolchain/bin/../lib/gcc/avr/5.4.0/../../../../avr/lib/avrxmega3/short-calls\libm.a(divsf3x.o)
 .data          0x00000000        0x0 c:/program files (x86)/atmel/studio/7.0/toolchain/avr8/avr8-gnu-toolchain/bin/../lib/gcc/avr/5.4.0/../../../../avr/lib/avrxmega3/short-calls\libm.a(divsf3x.o)
 .bss           0x00000000        0x0 c:/program files (x86)/atmel/studio/7.0/toolchain/avr8/avr8-gnu-toolchain/bin/../lib/gcc/avr/5.4.0/../../../../avr/lib/avrxmega3/short-calls\libm.a(divsf3x.o)
 .text          0x00000000        0x0 c:/program files (x86)/atmel/studio/7.0/toolchain/avr8/avr8-gnu-toolchain/bin/../lib/gcc/avr/5.4.0/../../../../avr/lib/avrxmega3/short-calls\libm.a(fixunssfsi.o)
 .data          0x00000000        0x0 c:/program files (x86)/atmel/studio/7.0/toolchain/avr8/avr8-gnu-toolchain/bin/../lib/gcc/avr/5.4.0/../../../../avr/lib/avrxmega3/short-calls\libm.a(fixunssfsi.o)
 .bss           0x00000000        0x0 c:/program files (x86)/atmel/studio/7.0/toolchain/avr8/avr8-gnu-toolchain/bin/../lib/gcc/avr/5.4.0/../../../../avr/lib/avrxmega3/short-calls\libm.a(fixunssfsi.o)
 .text          0x00000000        0x0 c:/program files (x86)/atmel/studio/7.0/toolchain/avr8/avr8-gnu-toolchain/bin/../lib/gcc/avr/5.4.0/../../../../avr/lib/avrxmega3/short-calls\libm.a(floatsisf.o)
 .data          0x00000000        0x0 c:/program files (x86)/atmel/studio/7.0/toolchain/avr8/avr8-gnu-toolchain/bin/../lib/gcc/avr/5.4.0/../../../../avr/lib/avrxmega3/short-calls\libm.a(floatsisf.o)
 .bss           0x00000000        0x0 c:/program files (x86)/atmel/studio/7.0/toolchain/avr8/avr8-gnu-toolchain/bin/../lib/gcc/avr/5.4.0/../../../../avr/lib/avrxmega3/short-calls\libm.a(floatsisf.o)
 .text          0x00000000        0x0 c:/program files (x86)/atmel/studio/7.0/toolchain/avr8/avr8-gnu-toolchain/bin/../lib/gcc/avr/5.4.0/../../../../avr/lib/avrxmega3/short-calls\libm.a(fp_inf.o)
 .data          0x00000000        0x0 c:/program files (x86)/atmel/studio/7.0/toolchain/avr8/avr8-gnu-toolchain/bin/../lib/gcc/avr/5.4.0/../../../../avr/lib/avrxmega3/short-calls\libm.a(fp_inf.o)
 .bss           0x00000000        0x0 c:/program files (x86)/atmel/studio/7.0/toolchain/avr8/avr8-gnu-toolchain/bin/../lib/gcc/avr/5.4.0/../../../../avr/lib/avrxmega3/short-calls\libm.a(fp_inf.o)
 .text          0x00000000        0x0 c:/program files (x86)/atmel/studio/7.0/toolchain/avr8/avr8-gnu-toolchain/bin/../lib/gcc/avr/5.4.0/../../../../avr/lib/avrxmega3/short-calls\libm.a(fp_nan.o)
 .data          0x00000000        0x0 c:/program files (x86)/atmel/studio/7.0/toolchain/avr8/avr8-gnu-toolchain/bin/../lib/gcc/avr/5.4.0/../../../../avr/lib/avrxmega3/short-calls\libm.a(fp_nan.o)
 .bss           0x00000000        0x0 c:/program files (x86)/atmel/studio/7.0/toolchain/avr8/avr8-gnu-toolchain/bin/../lib/gcc/avr/5.4.0/../../../../avr/lib/avrxmega3/short-calls\libm.a(fp_nan.o)
 .text          0x00000000        0x0 c:/program files (x86)/atmel/studio/7.0/toolchain/avr8/avr8-gnu-toolchain/bin/../lib/gcc/avr/5.4.0/../../../../avr/lib/avrxmega3/short-calls\libm.a(fp_pscA.o)
 .data          0x00000000        0x0 c:/program files (x86)/atmel/studio/7.0/toolchain/avr8/avr8-gnu-toolchain/bin/../lib/gcc/avr/5.4.0/../../../../avr/lib/avrxmega3/short-calls\libm.a(fp_pscA.o)
 .bss           0x00000000        0x0 c:/program files (x86)/atmel/studio/7.0/toolchain/avr8/avr8-gnu-toolchain/bin/../lib/gcc/avr/5.4.0/../../../../avr/lib/avrxmega3/short-calls\libm.a(fp_pscA.o)
 .text          0x00000000        0x0 c:/program files (x86)/atmel/studio/7.0/toolchain/avr8/avr8-gnu-toolchain/bin/../lib/gcc/avr/5.4.0/../../../../avr/lib/avrxmega3/short-calls\libm.a(fp_pscB.o)
 .data          0x00000000        0x0 c:/program files (x86)/atmel/studio/7.0/toolchain/avr8/avr8-gnu-toolchain/bin/../lib/gcc/avr/5.4.0/../../../../avr/lib/avrxmega3/short-calls\libm.a(fp_pscB.o)
 .bss           0x00000000        0x0 c:/program files (x86)/atmel/studio/7.0/toolchain/avr8/avr8-gnu-toolchain/bin/../lib/gcc/avr/5.4.0/../../../../avr/lib/avrxmega3/short-calls\libm.a(fp_pscB.o)
 .text          0x00000000        0x0 c:/program files (x86)/atmel/studio/7.0/toolchain/avr8/avr8-gnu-toolchain/bin/../lib/gcc/avr/5.4.0/../../../../avr/lib/avrxmega3/short-calls\libm.a(fp_round.o)
 .data          0x00000000        0x0 c:/program files (x86)/atmel/studio/7.0/toolchain/avr8/avr8-gnu-toolchain/bin/../lib/gcc/avr/5.4.0/../../../../avr/lib/avrxmega3/short-calls\libm.a(fp_round.o)
 .bss           0x00000000        0x0 c:/program files (x86)/atmel/studio/7.0/toolchain/avr8/avr8-gnu-toolchain/bin/../lib/gcc/avr/5.4.0/../../../../avr/lib/avrxmega3/short-calls\libm.a(fp_round.o)
 .text          0x00000000        0x0 c:/program files (x86)/atmel/studio/7.0/toolchain/avr8/avr8-gnu-toolchain/bin/../lib/gcc/avr/5.4.0/../../../../avr/lib/avrxmega3/short-calls\libm.a(fp_split3.o)
 .data          0x00000000        0x0 c:/program files (x86)/atmel/studio/7.0/toolchain/avr8/avr8-gnu-toolchain/bin/../lib/gcc/avr/5.4.0/../../../../avr/lib/avrxmega3/short-calls\libm.a(fp_split3.o)
 .bss           0x00000000        0x0 c:/program files (x86)/atmel/studio/7.0/toolchain/avr8/avr8-gnu-toolchain/bin/../lib/gcc/avr/5.4.0/../../../../avr/lib/avrxmega3/short-calls\libm.a(fp_split3.o)
 .text          0x00000000        0x0 c:/program files (x86)/atmel/studio/7.0/toolchain/avr8/avr8-gnu-toolchain/bin/../lib/gcc/avr/5.4.0/../../../../avr/lib/avrxmega3/short-calls\libm.a(fp_zero.o)
 .data          0x00000000        0x0 c:/program files (x86)/atmel/studio/7.0/toolchain/avr8/avr8-gnu-toolchain/bin/../lib/gcc/avr/5.4.0/../../../../avr/lib/avrxmega3/short-calls\libm.a(fp_zero.o)
 .bss           0x00000000        0x0 c:/program files (x86)/atmel/studio/7.0/toolchain/avr8/avr8-gnu-toolchain/bin/../lib/gcc/avr/5.4.0/../../../../avr/lib/avrxmega3/short-calls\libm.a(fp_zero.o)
 .text          0x00000000        0x0 c:/program files (x86)/atmel/studio/7.0/toolchain/avr8/avr8-gnu-toolchain/bin/../lib/gcc/avr/5.4.0/../../../../avr/lib/avrxmega3/short-calls\libm.a(gesf2.o)
 .data          0x00000000        0x0 c:/program files (x86)/atmel/studio/7.0/toolchain/avr8/avr8-gnu-toolchain/bin/../lib/gcc/avr/5.4.0/../../../../avr/lib/avrxmega3/short-calls\libm.a(gesf2.o)
 .bss           0x00000000        0x0 c:/program files (x86)/atmel/studio/7.0/toolchain/avr8/avr8-gnu-toolchain/bin/../lib/gcc/avr/5.4.0/../../../../avr/lib/avrxmega3/short-calls\libm.a(gesf2.o)
 .text          0x00000000        0x0 c:/program files (x86)/atmel/studio/7.0/toolchain/avr8/avr8-gnu-toolchain/bin/../lib/gcc/avr/5.4.0/../../../../avr/lib/avrxmega3/short-calls\libm.a(fp_cmp.o)
 .data          0x00000000        0x0 c:/program files (x86)/atmel/studio/7.0/toolchain/avr8/avr8-gnu-toolchain/bin/../lib/gcc/avr/5.4.0/../../../../avr/lib/avrxmega3/short-calls\libm.a(fp_cmp.o)
 .bss           0x00000000        0x0 c:/program files (x86)/atmel/studio/7.0/toolchain/avr8/avr8-gnu-toolchain/bin/../lib/gcc/avr/5.4.0/../../../../avr/lib/avrxmega3/short-calls\libm.a(fp_cmp.o)
 .text          0x00000000        0x0 c:/program files (x86)/atmel/studio/7.0/toolchain/avr8/avr8-gnu-toolchain/bin/../lib/gcc/avr/5.4.0/avrxmega3/short-calls\libgcc.a(_exit.o)
 .data          0x00000000        0x0 c:/program files (x86)/atmel/studio/7.0/toolchain/avr8/avr8-gnu-toolchain/bin/../lib/gcc/avr/5.4.0/avrxmega3/short-calls\libgcc.a(_exit.o)
 .bss           0x00000000        0x0 c:/program files (x86)/atmel/studio/7.0/toolchain/avr8/avr8-gnu-toolchain/bin/../lib/gcc/avr/5.4.0/avrxmega3/short-calls\libgcc.a(_exit.o)
 .text.libgcc.mul
                0x00000000        0x0 c:/program files (x86)/atmel/studio/7.0/toolchain/avr8/avr8-gnu-toolchain/bin/../lib/gcc/avr/5.4.0/avrxmega3/short-calls\libgcc.a(_exit.o)
 .text.libgcc.div
                0x00000000        0x0 c:/program files (x86)/atmel/studio/7.0/toolchain/avr8/avr8-gnu-toolchain/bin/../lib/gcc/avr/5.4.0/avrxmega3/short-calls\libgcc.a(_exit.o)
 .text.libgcc   0x00000000        0x0 c:/program files (x86)/atmel/studio/7.0/toolchain/avr8/avr8-gnu-toolchain/bin/../lib/gcc/avr/5.4.0/avrxmega3/short-calls\libgcc.a(_exit.o)
 .text.libgcc.prologue
                0x00000000        0x0 c:/program files (x86)/atmel/studio/7.0/toolchain/avr8/avr8-gnu-toolchain/bin/../lib/gcc/avr/5.4.0/avrxmega3/short-calls\libgcc.a(_exit.o)
 .text.libgcc.builtins
                0x00000000        0x0 c:/program files (x86)/atmel/studio/7.0/toolchain/avr8/avr8-gnu-toolchain/bin/../lib/gcc/avr/5.4.0/avrxmega3/short-calls\libgcc.a(_exit.o)
 .text.libgcc.fmul
                0x00000000        0x0 c:/program files (x86)/atmel/studio/7.0/toolchain/avr8/avr8-gnu-toolchain/bin/../lib/gcc/avr/5.4.0/avrxmega3/short-calls\libgcc.a(_exit.o)
 .text.libgcc.fixed
                0x00000000        0x0 c:/program files (x86)/atmel/studio/7.0/toolchain/avr8/avr8-gnu-toolchain/bin/../lib/gcc/avr/5.4.0/avrxmega3/short-calls\libgcc.a(_exit.o)
 .text          0x00000000        0x0 c:/program files (x86)/atmel/studio/7.0/toolchain/avr8/avr8-gnu-toolchain/bin/../lib/gcc/avr/5.4.0/avrxmega3/short-calls\libgcc.a(_copy_data.o)
 .data          0x00000000        0x0 c:/program files (x86)/atmel/studio/7.0/toolchain/avr8/avr8-gnu-toolchain/bin/../lib/gcc/avr/5.4.0/avrxmega3/short-calls\libgcc.a(_copy_data.o)
 .bss           0x00000000        0x0 c:/program files (x86)/atmel/studio/7.0/toolchain/avr8/avr8-gnu-toolchain/bin/../lib/gcc/avr/5.4.0/avrxmega3/short-calls\libgcc.a(_copy_data.o)
 .text.libgcc.mul
                0x00000000        0x0 c:/program files (x86)/atmel/studio/7.0/toolchain/avr8/avr8-gnu-toolchain/bin/../lib/gcc/avr/5.4.0/avrxmega3/short-calls\libgcc.a(_copy_data.o)
 .text.libgcc.div
                0x00000000        0x0 c:/program files (x86)/atmel/studio/7.0/toolchain/avr8/avr8-gnu-toolchain/bin/../lib/gcc/avr/5.4.0/avrxmega3/short-calls\libgcc.a(_copy_data.o)
 .text.libgcc   0x00000000        0x0 c:/program files (x86)/atmel/studio/7.0/toolchain/avr8/avr8-gnu-toolchain/bin/../lib/gcc/avr/5.4.0/avrxmega3/short-calls\libgcc.a(_copy_data.o)
 .text.libgcc.prologue
                0x00000000        0x0 c:/program files (x86)/atmel/studio/7.0/toolchain/avr8/avr8-gnu-toolchain/bin/../lib/gcc/avr/5.4.0/avrxmega3/short-calls\libgcc.a(_copy_data.o)
 .text.libgcc.builtins
                0x00000000        0x0 c:/program files (x86)/atmel/studio/7.0/toolchain/avr8/avr8-gnu-toolchain/bin/../lib/gcc/avr/5.4.0/avrxmega3/short-calls\libgcc.a(_copy_data.o)
 .text.libgcc.fmul
                0x00000000        0x0 c:/program files (x86)/atmel/studio/7.0/toolchain/avr8/avr8-gnu-toolchain/bin/../lib/gcc/avr/5.4.0/avrxmega3/short-calls\libgcc.a(_copy_data.o)
 .text.libgcc.fixed
                0x00000000        0x0 c:/program files (x86)/atmel/studio/7.0/toolchain/avr8/avr8-gnu-toolchain/bin/../lib/gcc/avr/5.4.0/avrxmega3/short-calls\libgcc.a(_copy_data.o)
 .text          0x00000000        0x0 c:/program files (x86)/atmel/studio/7.0/toolchain/avr8/avr8-gnu-toolchain/bin/../lib/gcc/avr/5.4.0/avrxmega3/short-calls\libgcc.a(_clear_bss.o)
 .data          0x00000000        0x0 c:/program files (x86)/atmel/studio/7.0/toolchain/avr8/avr8-gnu-toolchain/bin/../lib/gcc/avr/5.4.0/avrxmega3/short-calls\libgcc.a(_clear_bss.o)
 .bss           0x00000000        0x0 c:/program files (x86)/atmel/studio/7.0/toolchain/avr8/avr8-gnu-toolchain/bin/../lib/gcc/avr/5.4.0/avrxmega3/short-calls\libgcc.a(_clear_bss.o)
 .text.libgcc.mul
                0x00000000        0x0 c:/program files (x86)/atmel/studio/7.0/toolchain/avr8/avr8-gnu-toolchain/bin/../lib/gcc/avr/5.4.0/avrxmega3/short-calls\libgcc.a(_clear_bss.o)
 .text.libgcc.div
                0x00000000        0x0 c:/program files (x86)/atmel/studio/7.0/toolchain/avr8/avr8-gnu-toolchain/bin/../lib/gcc/avr/5.4.0/avrxmega3/short-calls\libgcc.a(_clear_bss.o)
 .text.libgcc   0x00000000        0x0 c:/program files (x86)/atmel/studio/7.0/toolchain/avr8/avr8-gnu-toolchain/bin/../lib/gcc/avr/5.4.0/avrxmega3/short-calls\libgcc.a(_clear_bss.o)
 .text.libgcc.prologue
                0x00000000        0x0 c:/program files (x86)/atmel/studio/7.0/toolchain/avr8/avr8-gnu-toolchain/bin/../lib/gcc/avr/5.4.0/avrxmega3/short-calls\libgcc.a(_clear_bss.o)
 .text.libgcc.builtins
                0x00000000        0x0 c:/program files (x86)/atmel/studio/7.0/toolchain/avr8/avr8-gnu-toolchain/bin/../lib/gcc/avr/5.4.0/avrxmega3/short-calls\libgcc.a(_clear_bss.o)
 .text.libgcc.fmul
                0x00000000        0x0 c:/program files (x86)/atmel/studio/7.0/toolchain/avr8/avr8-gnu-toolchain/bin/../lib/gcc/avr/5.4.0/avrxmega3/short-calls\libgcc.a(_clear_bss.o)
 .text.libgcc.fixed
                0x00000000        0x0 c:/program files (x86)/atmel/studio/7.0/toolchain/avr8/avr8-gnu-toolchain/bin/../lib/gcc/avr/5.4.0/avrxmega3/short-calls\libgcc.a(_clear_bss.o)

Memory Configuration

Name             Origin             Length             Attributes
text             0x00000000         0x00002000         xr
data             0x00803e00         0x00000200         rw !x
eeprom           0x00810000         0x00000080         rw !x
fuse             0x00820000         0x0000000a         rw !x
lock             0x00830000         0x00000400         rw !x
signature        0x00840000         0x00000400         rw !x
user_signatures  0x00850000         0x00000400         rw !x
*default*        0x00000000         0xffffffff

Linker script and memory map

Address of section .data set to 0x803e00
                0x00008000                __RODATA_PM_OFFSET__ = 0x8000
LOAD C:/Program Files (x86)/Atmel/Studio/7.0/Packs/Atmel/ATtiny_DFP/1.9.337/gcc/dev/attiny816/avrxmega3/short-calls/crtattiny816.o
LOAD atmel_start.o
LOAD driver_isr.o
LOAD adc_basic.o
LOAD main.o
LOAD touch.o
LOAD bod.o
LOAD clkctrl.o
LOAD cpuint.o
LOAD driver_init.o
LOAD i2c_slave.o
LOAD protected_io.o
LOAD rtc.o
LOAD slpctrl.o
START GROUP
LOAD ../qtouch/lib/gcc\libqtm_touch_key_t816_0x0002.a
LOAD ../qtouch/lib/gcc\libqtm_acq_runtime_t816_0x0008.a
LOAD c:/program files (x86)/atmel/studio/7.0/toolchain/avr8/avr8-gnu-toolchain/bin/../lib/gcc/avr/5.4.0/../../../../avr/lib/avrxmega3/short-calls\libm.a
END GROUP
START GROUP
LOAD c:/program files (x86)/atmel/studio/7.0/toolchain/avr8/avr8-gnu-toolchain/bin/../lib/gcc/avr/5.4.0/avrxmega3/short-calls\libgcc.a
LOAD c:/program files (x86)/atmel/studio/7.0/toolchain/avr8/avr8-gnu-toolchain/bin/../lib/gcc/avr/5.4.0/../../../../avr/lib/avrxmega3/short-calls\libm.a
LOAD c:/program files (x86)/atmel/studio/7.0/toolchain/avr8/avr8-gnu-toolchain/bin/../lib/gcc/avr/5.4.0/../../../../avr/lib/avrxmega3/short-calls\libc.a
LOAD C:/Program Files (x86)/Atmel/Studio/7.0/Packs/Atmel/ATtiny_DFP/1.9.337/gcc/dev/attiny816/avrxmega3/short-calls\libattiny816.a
END GROUP
                [0x00000000]                __TEXT_REGION_ORIGIN__ = DEFINED (__TEXT_REGION_ORIGIN__)?__TEXT_REGION_ORIGIN__:0x0
                [0x00803e00]                __DATA_REGION_ORIGIN__ = DEFINED (__DATA_REGION_ORIGIN__)?__DATA_REGION_ORIGIN__:0x802000
                [0x00002000]                __TEXT_REGION_LENGTH__ = DEFINED (__TEXT_REGION_LENGTH__)?__TEXT_REGION_LENGTH__:0x100000
                [0x00000200]                __DATA_REGION_LENGTH__ = DEFINED (__DATA_REGION_LENGTH__)?__DATA_REGION_LENGTH__:0xffa0
                [0x00000080]                __EEPROM_REGION_LENGTH__ = DEFINED (__EEPROM_REGION_LENGTH__)?__EEPROM_REGION_LENGTH__:0x10000
                [0x0000000a]                __FUSE_REGION_LENGTH__ = DEFINED (__FUSE_REGION_LENGTH__)?__FUSE_REGION_LENGTH__:0x400
                0x00000400                __LOCK_REGION_LENGTH__ = DEFINED (__LOCK_REGION_LENGTH__)?__LOCK_REGION_LENGTH__:0x400
                0x00000400                __SIGNATURE_REGION_LENGTH__ = DEFINED (__SIGNATURE_REGION_LENGTH__)?__SIGNATURE_REGION_LENGTH__:0x400
                0x00000400                __USER_SIGNATURE_REGION_LENGTH__ = DEFINED (__USER_SIGNATURE_REGION_LENGTH__)?__USER_SIGNATURE_REGION_LENGTH__:0x400
                0x00008000                __RODATA_PM_OFFSET__ = DEFINED (__RODATA_PM_OFFSET__)?__RODATA_PM_OFFSET__:0x8000

.hash
 *(.hash)

.dynsym
 *(.dynsym)

.dynstr
 *(.dynstr)

.gnu.version
 *(.gnu.version)

.gnu.version_d
 *(.gnu.version_d)

.gnu.version_r
 *(.gnu.version_r)

.rel.init
 *(.rel.init)

.rela.init
 *(.rela.init)

.rel.text
 *(.rel.text)
 *(.rel.text.*)
 *(.rel.gnu.linkonce.t*)

.rela.text
 *(.rela.text)
 *(.rela.text.*)
 *(.rela.gnu.linkonce.t*)

.rel.fini
 *(.rel.fini)

.rela.fini
 *(.rela.fini)

.rel.rodata
 *(.rel.rodata)
 *(.rel.rodata.*)
 *(.rel.gnu.linkonce.r*)

.rela.rodata
 *(.rela.rodata)
 *(.rela.rodata.*)
 *(.rela.gnu.linkonce.r*)

.rel.data
 *(.rel.data)
 *(.rel.data.*)
 *(.rel.gnu.linkonce.d*)

.rela.data
 *(.rela.data)
 *(.rela.data.*)
 *(.rela.gnu.linkonce.d*)

.rel.ctors
 *(.rel.ctors)

.rela.ctors
 *(.rela.ctors)

.rel.dtors
 *(.rel.dtors)

.rela.dtors
 *(.rela.dtors)

.rel.got
 *(.rel.got)

.rela.got
 *(.rela.got)

.rel.bss
 *(.rel.bss)

.rela.bss
 *(.rela.bss)

.rel.plt
 *(.rel.plt)

.rela.plt
 *(.rela.plt)

.text           0x00000000     0x1b9c
 *(.vectors)
 .vectors       0x00000000       0x34 C:/Program Files (x86)/Atmel/Studio/7.0/Packs/Atmel/ATtiny_DFP/1.9.337/gcc/dev/attiny816/avrxmega3/short-calls/crtattiny816.o
                0x00000000                __vector_default
                0x00000000                __vectors
 *(.vectors)
 *(.progmem.gcc*)
                0x00000034                . = ALIGN (0x2)
                0x00000034                __trampolines_start = .
 *(.trampolines)
 .trampolines   0x00000034        0x0 linker stubs
 *(.trampolines*)
                0x00000034                __trampolines_end = .
 *libprintf_flt.a:*(.progmem.data)
 *libc.a:*(.progmem.data)
 *(.progmem*)
                0x00000034                . = ALIGN (0x2)
 *(.jumptables)
 *(.jumptables*)
 *(.lowtext)
 *(.lowtext*)
                0x00000034                __ctors_start = .
 *(.ctors)
                0x00000034                __ctors_end = .
                0x00000034                __dtors_start = .
 *(.dtors)
                0x00000034                __dtors_end = .
 SORT(*)(.ctors)
 SORT(*)(.dtors)
 *(.init0)
 .init0         0x00000034        0x0 C:/Program Files (x86)/Atmel/Studio/7.0/Packs/Atmel/ATtiny_DFP/1.9.337/gcc/dev/attiny816/avrxmega3/short-calls/crtattiny816.o
                0x00000034                __init
 *(.init0)
 *(.init1)
 *(.init1)
 *(.init2)
 .init2         0x00000034        0xc C:/Program Files (x86)/Atmel/Studio/7.0/Packs/Atmel/ATtiny_DFP/1.9.337/gcc/dev/attiny816/avrxmega3/short-calls/crtattiny816.o
 *(.init2)
 *(.init3)
 *(.init3)
 *(.init4)
 .init4         0x00000040       0x16 c:/program files (x86)/atmel/studio/7.0/toolchain/avr8/avr8-gnu-toolchain/bin/../lib/gcc/avr/5.4.0/avrxmega3/short-calls\libgcc.a(_copy_data.o)
                0x00000040                __do_copy_data
 .init4         0x00000056       0x10 c:/program files (x86)/atmel/studio/7.0/toolchain/avr8/avr8-gnu-toolchain/bin/../lib/gcc/avr/5.4.0/avrxmega3/short-calls\libgcc.a(_clear_bss.o)
                0x00000056                __do_clear_bss
 *(.init4)
 *(.init5)
 *(.init5)
 *(.init6)
 *(.init6)
 *(.init7)
 *(.init7)
 *(.init8)
 *(.init8)
 *(.init9)
 .init9         0x00000066        0x4 C:/Program Files (x86)/Atmel/Studio/7.0/Packs/Atmel/ATtiny_DFP/1.9.337/gcc/dev/attiny816/avrxmega3/short-calls/crtattiny816.o
 *(.init9)
 *(.text)
 .text          0x0000006a        0x2 C:/Program Files (x86)/Atmel/Studio/7.0/Packs/Atmel/ATtiny_DFP/1.9.337/gcc/dev/attiny816/avrxmega3/short-calls/crtattiny816.o
                0x0000006a                __vector_22
                0x0000006a                __vector_1
                0x0000006a                __vector_24
                0x0000006a                __vector_12
                0x0000006a                __bad_interrupt
                0x0000006a                __vector_3
                0x0000006a                __vector_23
                0x0000006a                __vector_25
                0x0000006a                __vector_11
                0x0000006a                __vector_13
                0x0000006a                __vector_7
                0x0000006a                __vector_5
                0x0000006a                __vector_4
                0x0000006a                __vector_9
                0x0000006a                __vector_2
                0x0000006a                __vector_21
                0x0000006a                __vector_15
                0x0000006a                __vector_8
                0x0000006a                __vector_14
                0x0000006a                __vector_10
                0x0000006a                __vector_16
                0x0000006a                __vector_18
                0x0000006a                __vector_20
                0x0000006c                . = ALIGN (0x2)
 *(.text.*)
 .text.atmel_start_init
                0x0000006c        0x4 atmel_start.o
                0x0000006c                atmel_start_init
 .text.__vector_6
                0x00000070       0x4c driver_isr.o
                0x00000070                __vector_6
 .text.ADC_0_init
                0x000000bc       0x2c adc_basic.o
                0x000000bc                ADC_0_init
 .text.ADC_0_start_conversion
                0x000000e8        0xc adc_basic.o
                0x000000e8                ADC_0_start_conversion
 .text.ADC_0_is_conversion_done
                0x000000f4        0x8 adc_basic.o
                0x000000f4                ADC_0_is_conversion_done
 .text.ADC_0_get_conversion_result
                0x000000fc        0xa adc_basic.o
                0x000000fc                ADC_0_get_conversion_result
 .text.ADC_0_get_conversion
                0x00000106       0x16 adc_basic.o
                0x00000106                ADC_0_get_conversion
 .text.I2C_0_stop_handler
                0x0000011c        0x6 main.o
                0x0000011c                I2C_0_stop_handler
 .text.I2C_0_error_handler
                0x00000122        0xc main.o
                0x00000122                I2C_0_error_handler
 .text.I2C_0_address_handler
                0x0000012e        0x4 main.o
                0x0000012e                I2C_0_address_handler
 .text.I2C_0_read_handler
                0x00000132       0x12 main.o
                0x00000132                I2C_0_read_handler
 .text.reset    0x00000144        0xc main.o
                0x00000144                reset
 .text.touch_config
                0x00000150       0x54 main.o
                0x00000150                touch_config
 .text.I2C_0_write_handler
                0x000001a4       0xc8 main.o
                0x000001a4                I2C_0_write_handler
 .text.main     0x0000026c      0x21e main.o
                0x0000026c                main
 .text.touch_ptc_pin_config
                0x0000048a       0x38 touch.o
 .text.qtm_measure_complete_callback
                0x000004c2        0x8 touch.o
 .text.qtm_error_callback
                0x000004ca        0x8 touch.o
 .text.touch_sensors_config
                0x000004d2       0x5e touch.o
 .text.Timer_set_period
                0x00000530       0x14 touch.o
                0x00000530                Timer_set_period
 .text.touch_init
                0x00000544        0xa touch.o
                0x00000544                touch_init
 .text.touch_process
                0x0000054e       0x5e touch.o
                0x0000054e                touch_process
 .text.touch_timer_handler
                0x000005ac       0x20 touch.o
                0x000005ac                touch_timer_handler
 .text.get_sensor_state
                0x000005cc       0x1e touch.o
                0x000005cc                get_sensor_state
 .text.calibrate_node
                0x000005ea       0x2e touch.o
                0x000005ea                calibrate_node
 .text.__vector_17
                0x00000618       0x46 touch.o
                0x00000618                __vector_17
 .text.BOD_init
                0x0000065e        0x4 bod.o
                0x0000065e                BOD_init
 .text.CLKCTRL_init
                0x00000662        0xe clkctrl.o
                0x00000662                CLKCTRL_init
 .text.CPUINT_init
                0x00000670        0x6 cpuint.o
                0x00000670                CPUINT_init
 .text.mcu_init
                0x00000676       0x4a driver_init.o
                0x00000676                mcu_init
 .text.ADC_0_initialization
                0x000006c0       0x16 driver_init.o
                0x000006c0                ADC_0_initialization
 .text.I2C_0_initialization
                0x000006d6       0x66 driver_init.o
                0x000006d6                I2C_0_initialization
 .text.system_init
                0x0000073c       0x7a driver_init.o
                0x0000073c                system_init
 .text.I2C_0_open
                0x000007b6        0xc i2c_slave.o
                0x000007b6                I2C_0_open
 .text.I2C_0_read
                0x000007c2        0x6 i2c_slave.o
                0x000007c2                I2C_0_read
 .text.I2C_0_write
                0x000007c8        0xe i2c_slave.o
                0x000007c8                I2C_0_write
 .text.I2C_0_enable
                0x000007d6        0xc i2c_slave.o
                0x000007d6                I2C_0_enable
 .text.I2C_0_send_ack
                0x000007e2        0x8 i2c_slave.o
                0x000007e2                I2C_0_send_ack
 .text.I2C_0_goto_unaddressed
                0x000007ea       0x10 i2c_slave.o
                0x000007ea                I2C_0_goto_unaddressed
 .text.I2C_0_read_callback
                0x000007fa       0x10 i2c_slave.o
                0x000007fa                I2C_0_read_callback
 .text.I2C_0_set_read_callback
                0x0000080a        0xa i2c_slave.o
                0x0000080a                I2C_0_set_read_callback
 .text.I2C_0_write_callback
                0x00000814       0x10 i2c_slave.o
                0x00000814                I2C_0_write_callback
 .text.I2C_0_set_write_callback
                0x00000824        0xa i2c_slave.o
                0x00000824                I2C_0_set_write_callback
 .text.I2C_0_address_callback
                0x0000082e       0x10 i2c_slave.o
                0x0000082e                I2C_0_address_callback
 .text.I2C_0_set_address_callback
                0x0000083e        0xa i2c_slave.o
                0x0000083e                I2C_0_set_address_callback
 .text.I2C_0_stop_callback
                0x00000848       0x10 i2c_slave.o
                0x00000848                I2C_0_stop_callback
 .text.I2C_0_set_stop_callback
                0x00000858        0xa i2c_slave.o
                0x00000858                I2C_0_set_stop_callback
 .text.I2C_0_collision_callback
                0x00000862       0x10 i2c_slave.o
                0x00000862                I2C_0_collision_callback
 .text.I2C_0_set_collision_callback
                0x00000872        0xa i2c_slave.o
                0x00000872                I2C_0_set_collision_callback
 .text.I2C_0_bus_error_callback
                0x0000087c       0x10 i2c_slave.o
                0x0000087c                I2C_0_bus_error_callback
 .text.I2C_0_isr
                0x0000088c       0x82 i2c_slave.o
                0x0000088c                I2C_0_isr
 .text.__vector_19
                0x0000090e       0x46 i2c_slave.o
                0x0000090e                __vector_19
 .text.I2C_0_set_bus_error_callback
                0x00000954        0xa i2c_slave.o
                0x00000954                I2C_0_set_bus_error_callback
 .text.I2C_0_init
                0x0000095e       0x2c i2c_slave.o
                0x0000095e                I2C_0_init
 .text.protected_write_io
                0x0000098a        0x8 protected_io.o
                0x0000098a                protected_write_io
 .text.Timer_init
                0x00000992       0x18 rtc.o
                0x00000992                Timer_init
 .text.SLPCTRL_init
                0x000009aa        0x4 slpctrl.o
                0x000009aa                SLPCTRL_init
 .text.check_for_aks_block
                0x000009ae       0xd2 ../qtouch/lib/gcc\libqtm_touch_key_t816_0x0002.a(avr_touch_key_g_t816.o)
 .text.qtm_update_qtlib_timer
                0x00000a80       0x16 ../qtouch/lib/gcc\libqtm_touch_key_t816_0x0002.a(avr_touch_key_g_t816.o)
                0x00000a80                qtm_update_qtlib_timer
 .text.qtm_init_sensor_key
                0x00000a96       0x3e ../qtouch/lib/gcc\libqtm_touch_key_t816_0x0002.a(avr_touch_key_g_t816.o)
                0x00000a96                qtm_init_sensor_key
 .text.qtm_key_sensors_process
                0x00000ad4      0x74a ../qtouch/lib/gcc\libqtm_touch_key_t816_0x0002.a(avr_touch_key_g_t816.o)
                0x00000ad4                qtm_key_sensors_process
 .text.select_next_channel_to_measure
                0x0000121e       0x66 ../qtouch/lib/gcc\libqtm_acq_runtime_t816_0x0008.a(avr_acq_runtime_g_t816.o)
 .text.qtm_measure_node
                0x00001284      0x108 ../qtouch/lib/gcc\libqtm_acq_runtime_t816_0x0008.a(avr_acq_runtime_g_t816.o)
 .text.qtm_acquisition_process
                0x0000138c      0x2fc ../qtouch/lib/gcc\libqtm_acq_runtime_t816_0x0008.a(avr_acq_runtime_g_t816.o)
                0x0000138c                qtm_acquisition_process
 .text.qtm_ptc_init_acquisition_module
                0x00001688       0x70 ../qtouch/lib/gcc\libqtm_acq_runtime_t816_0x0008.a(avr_acq_runtime_g_t816.o)
                0x00001688                qtm_ptc_init_acquisition_module
 .text.qtm_ptc_qtlib_assign_signal_memory
                0x000016f8       0x14 ../qtouch/lib/gcc\libqtm_acq_runtime_t816_0x0008.a(avr_acq_runtime_g_t816.o)
                0x000016f8                qtm_ptc_qtlib_assign_signal_memory
 .text.qtm_ptc_start_measurement_seq
                0x0000170c       0xc8 ../qtouch/lib/gcc\libqtm_acq_runtime_t816_0x0008.a(avr_acq_runtime_g_t816.o)
                0x0000170c                qtm_ptc_start_measurement_seq
 .text.qtm_enable_sensor_node
                0x000017d4       0x3e ../qtouch/lib/gcc\libqtm_acq_runtime_t816_0x0008.a(avr_acq_runtime_g_t816.o)
                0x000017d4                qtm_enable_sensor_node
 .text.qtm_calibrate_sensor_node
                0x00001812       0x82 ../qtouch/lib/gcc\libqtm_acq_runtime_t816_0x0008.a(avr_acq_runtime_g_t816.o)
                0x00001812                qtm_calibrate_sensor_node
 .text.qtm_t81x_ptc_handler_eoc
                0x00001894       0x54 ../qtouch/lib/gcc\libqtm_acq_runtime_t816_0x0008.a(avr_acq_runtime_g_t816.o)
                0x00001894                qtm_t81x_ptc_handler_eoc
 .text.avr-libc.fplib
                0x000018e8        0x8 c:/program files (x86)/atmel/studio/7.0/toolchain/avr8/avr8-gnu-toolchain/bin/../lib/gcc/avr/5.4.0/../../../../avr/lib/avrxmega3/short-calls\libm.a(divsf3.o)
                0x000018e8                __divsf3
 .text.avr-libc.fplib
                0x000018f0       0xdc c:/program files (x86)/atmel/studio/7.0/toolchain/avr8/avr8-gnu-toolchain/bin/../lib/gcc/avr/5.4.0/../../../../avr/lib/avrxmega3/short-calls\libm.a(divsf3x.o)
                0x00001910                __divsf3x
                0x00001916                __divsf3_pse
 .text.avr-libc.fplib
                0x000019cc       0x5e c:/program files (x86)/atmel/studio/7.0/toolchain/avr8/avr8-gnu-toolchain/bin/../lib/gcc/avr/5.4.0/../../../../avr/lib/avrxmega3/short-calls\libm.a(fixunssfsi.o)
                0x000019cc                __fixunssfsi
 .text.avr-libc.fplib
                0x00001a2a       0x7a c:/program files (x86)/atmel/studio/7.0/toolchain/avr8/avr8-gnu-toolchain/bin/../lib/gcc/avr/5.4.0/../../../../avr/lib/avrxmega3/short-calls\libm.a(floatsisf.o)
                0x00001a2a                __floatunsisf
                0x00001a2e                __floatsisf
 .text.avr-libc.fplib
                0x00001aa4        0xc c:/program files (x86)/atmel/studio/7.0/toolchain/avr8/avr8-gnu-toolchain/bin/../lib/gcc/avr/5.4.0/../../../../avr/lib/avrxmega3/short-calls\libm.a(fp_inf.o)
                0x00001aa4                __fp_inf
 .text.avr-libc.fplib
                0x00001ab0        0x6 c:/program files (x86)/atmel/studio/7.0/toolchain/avr8/avr8-gnu-toolchain/bin/../lib/gcc/avr/5.4.0/../../../../avr/lib/avrxmega3/short-calls\libm.a(fp_nan.o)
                0x00001ab0                __fp_nan
 .text.avr-libc.fplib
                0x00001ab6        0xe c:/program files (x86)/atmel/studio/7.0/toolchain/avr8/avr8-gnu-toolchain/bin/../lib/gcc/avr/5.4.0/../../../../avr/lib/avrxmega3/short-calls\libm.a(fp_pscA.o)
                0x00001ab6                __fp_pscA
 .text.avr-libc.fplib
                0x00001ac4        0xe c:/program files (x86)/atmel/studio/7.0/toolchain/avr8/avr8-gnu-toolchain/bin/../lib/gcc/avr/5.4.0/../../../../avr/lib/avrxmega3/short-calls\libm.a(fp_pscB.o)
                0x00001ac4                __fp_pscB
 .text.avr-libc.fplib
                0x00001ad2       0x22 c:/program files (x86)/atmel/studio/7.0/toolchain/avr8/avr8-gnu-toolchain/bin/../lib/gcc/avr/5.4.0/../../../../avr/lib/avrxmega3/short-calls\libm.a(fp_round.o)
                0x00001ad2                __fp_round
 .text.avr-libc.fplib
                0x00001af4       0x44 c:/program files (x86)/atmel/studio/7.0/toolchain/avr8/avr8-gnu-toolchain/bin/../lib/gcc/avr/5.4.0/../../../../avr/lib/avrxmega3/short-calls\libm.a(fp_split3.o)
                0x00001af4                __fp_split3
                0x00001b04                __fp_splitA
 .text.avr-libc.fplib
                0x00001b38        0xe c:/program files (x86)/atmel/studio/7.0/toolchain/avr8/avr8-gnu-toolchain/bin/../lib/gcc/avr/5.4.0/../../../../avr/lib/avrxmega3/short-calls\libm.a(fp_zero.o)
                0x00001b38                __fp_zero
                0x00001b3a                __fp_szero
 .text.avr-libc.fplib
                0x00001b46        0xa c:/program files (x86)/atmel/studio/7.0/toolchain/avr8/avr8-gnu-toolchain/bin/../lib/gcc/avr/5.4.0/../../../../avr/lib/avrxmega3/short-calls\libm.a(gesf2.o)
                0x00001b46                __gesf2
                0x00001b46                __gtsf2
 .text.avr-libc.fplib
                0x00001b50       0x48 c:/program files (x86)/atmel/studio/7.0/toolchain/avr8/avr8-gnu-toolchain/bin/../lib/gcc/avr/5.4.0/../../../../avr/lib/avrxmega3/short-calls\libm.a(fp_cmp.o)
                0x00001b50                __fp_cmp
                0x00001b98                . = ALIGN (0x2)
 *(.fini9)
 .fini9         0x00001b98        0x0 c:/program files (x86)/atmel/studio/7.0/toolchain/avr8/avr8-gnu-toolchain/bin/../lib/gcc/avr/5.4.0/avrxmega3/short-calls\libgcc.a(_exit.o)
                0x00001b98                _exit
                0x00001b98                exit
 *(.fini9)
 *(.fini8)
 *(.fini8)
 *(.fini7)
 *(.fini7)
 *(.fini6)
 *(.fini6)
 *(.fini5)
 *(.fini5)
 *(.fini4)
 *(.fini4)
 *(.fini3)
 *(.fini3)
 *(.fini2)
 *(.fini2)
 *(.fini1)
 *(.fini1)
 *(.fini0)
 .fini0         0x00001b98        0x4 c:/program files (x86)/atmel/studio/7.0/toolchain/avr8/avr8-gnu-toolchain/bin/../lib/gcc/avr/5.4.0/avrxmega3/short-calls\libgcc.a(_exit.o)
 *(.fini0)
                0x00001b9c                _etext = .

.rodata         0x00009b9c        0x6 load address 0x00001b9c
 *(.rodata)
 *(.rodata*)
 .rodata.gain_setting_int_cap
                0x00009b9c        0x6 ../qtouch/lib/gcc\libqtm_acq_runtime_t816_0x0008.a(avr_acq_runtime_g_t816.o)
 *(.gnu.linkonce.r*)

.data           0x00803e00       0x3e load address 0x00001ba2
                0x00803e00                PROVIDE (__data_start, .)
 *(.data)
 *(.data*)
 .data.ptc_seq_node_cfg1
                0x00803e00       0x12 main.o
                0x00803e00                ptc_seq_node_cfg1
 .data.waitForController
                0x00803e12        0x1 main.o
                0x00803e12                waitForController
 .data.irSamples
                0x00803e13        0x1 main.o
                0x00803e13                irSamples
 .data.irThreshold
                0x00803e14        0x1 main.o
                0x00803e14                irThreshold
 .data.qtlib_key_set1
                0x00803e15        0x8 touch.o
                0x00803e15                qtlib_key_set1
 .data.qtlib_key_configs_set1
                0x00803e1d        0x9 touch.o
                0x00803e1d                qtlib_key_configs_set1
 .data.qtlib_key_grp_config_set1
                0x00803e26        0xa touch.o
                0x00803e26                qtlib_key_grp_config_set1
 .data.qtlib_acq_set1
                0x00803e30        0x6 touch.o
                0x00803e30                qtlib_acq_set1
 .data.ptc_qtlib_acq_gen1
                0x00803e36        0x5 touch.o
                0x00803e36                ptc_qtlib_acq_gen1
 .data.isFirstByte.3804
                0x00803e3b        0x1 i2c_slave.o
 .data.qtm_which_mode_current
                0x00803e3c        0x1 ../qtouch/lib/gcc\libqtm_acq_runtime_t816_0x0008.a(avr_acq_runtime_g_t816.o)
                0x00803e3c                qtm_which_mode_current
 *(.gnu.linkonce.d*)
                0x00803e3e                . = ALIGN (0x2)
 *fill*         0x00803e3d        0x1 
                0x00803e3e                _edata = .
                0x00803e3e                PROVIDE (__data_end, .)

.bss            0x00803e3e       0x53
                0x00803e3e                PROVIDE (__bss_start, .)
 *(.bss)
 *(.bss*)
 .bss.waitForSenseRead
                0x00803e3e        0x1 main.o
                0x00803e3e                waitForSenseRead
 .bss.mode      0x00803e3f        0x1 main.o
                0x00803e3f                mode
 .bss.commandState
                0x00803e40        0x1 main.o
                0x00803e40                commandState
 .bss.command   0x00803e41        0x1 main.o
                0x00803e41                command
 .bss.senseState
                0x00803e42        0x1 main.o
                0x00803e42                senseState
 .bss.address   0x00803e43        0x1 main.o
                0x00803e43                address
 .bss.touchFilterLevel
                0x00803e44        0x1 main.o
                0x00803e44                touchFilterLevel
 .bss.touchDigitalGain
                0x00803e45        0x1 main.o
                0x00803e45                touchDigitalGain
 .bss.touchAnalogGain
                0x00803e46        0x1 main.o
                0x00803e46                touchAnalogGain
 .bss.irDelay   0x00803e47        0x1 main.o
                0x00803e47                irDelay
 .bss.module_error_code
                0x00803e48        0x1 touch.o
                0x00803e48                module_error_code
 .bss.measurement_done_touch
                0x00803e49        0x1 touch.o
                0x00803e49                measurement_done_touch
 .bss.touch_postprocess_request
                0x00803e4a        0x1 touch.o
                0x00803e4a                touch_postprocess_request
 .bss.time_to_measure_touch_flag
                0x00803e4b        0x1 touch.o
                0x00803e4b                time_to_measure_touch_flag
 .bss.qtm_local_ms_timecount
                0x00803e4c        0x2 ../qtouch/lib/gcc\libqtm_touch_key_t816_0x0002.a(avr_touch_key_g_t816.o)
                0x00803e4c                qtm_local_ms_timecount
 .bss.ptc_seq_measure_complete_pointer
                0x00803e4e        0x2 ../qtouch/lib/gcc\libqtm_acq_runtime_t816_0x0008.a(avr_acq_runtime_g_t816.o)
 .bss.touch_seq_lib_state
                0x00803e50        0x1 ../qtouch/lib/gcc\libqtm_acq_runtime_t816_0x0008.a(avr_acq_runtime_g_t816.o)
 .bss.current_measure_channel
                0x00803e51        0x2 ../qtouch/lib/gcc\libqtm_acq_runtime_t816_0x0008.a(avr_acq_runtime_g_t816.o)
 *(COMMON)
 COMMON         0x00803e53       0x2e touch.o
                0x00803e53                qtlib_key_grp_data_set1
                0x00803e59                interrupt_cnt
                0x00803e5a                ptc_qtlib_node_stat1
                0x00803e69                touch_acq_signals_raw
                0x00803e6f                qtlib_key_data_set1
 COMMON         0x00803e81        0xc i2c_slave.o
                0x00803e81                I2C_0_stop_interrupt_handler
                0x00803e83                I2C_0_write_interrupt_handler
                0x00803e85                I2C_0_read_interrupt_handler
                0x00803e87                I2C_0_address_interrupt_handler
                0x00803e89                I2C_0_bus_error_interrupt_handler
                0x00803e8b                I2C_0_collision_interrupt_handler
 COMMON         0x00803e8d        0x4 ../qtouch/lib/gcc\libqtm_acq_runtime_t816_0x0008.a(avr_acq_runtime_g_t816.o)
                0x00803e8d                qtm_acquisition_control_working_set_ptr
                0x00803e8f                qtm_raw_data_measurements_ptr
                0x00803e91                PROVIDE (__bss_end, .)
                0x00001ba2                __data_load_start = LOADADDR (.data)
                0x00001be0                __data_load_end = (__data_load_start + SIZEOF (.data))

.noinit         0x00803e91        0x0
                [!provide]                PROVIDE (__noinit_start, .)
 *(.noinit*)
                [!provide]                PROVIDE (__noinit_end, .)
                0x00803e91                _end = .
                [!provide]                PROVIDE (__heap_start, .)

.eeprom         0x00810000        0x0
 *(.eeprom*)
                0x00810000                __eeprom_end = .

.fuse
 *(.fuse)
 *(.lfuse)
 *(.hfuse)
 *(.efuse)

.lock
 *(.lock*)

.signature
 *(.signature*)

.user_signatures
 *(.user_signatures*)

.stab
 *(.stab)

.stabstr
 *(.stabstr)

.stab.excl
 *(.stab.excl)

.stab.exclstr
 *(.stab.exclstr)

.stab.index
 *(.stab.index)

.stab.indexstr
 *(.stab.indexstr)

.comment        0x00000000       0x60
 *(.comment)
 .comment       0x00000000       0x30 atmel_start.o
                                 0x31 (size before relaxing)
 .comment       0x00000030       0x31 driver_isr.o
 .comment       0x00000030       0x31 adc_basic.o
 .comment       0x00000030       0x31 main.o
 .comment       0x00000030       0x31 touch.o
 .comment       0x00000030       0x31 bod.o
 .comment       0x00000030       0x31 clkctrl.o
 .comment       0x00000030       0x31 cpuint.o
 .comment       0x00000030       0x31 driver_init.o
 .comment       0x00000030       0x31 i2c_slave.o
 .comment       0x00000030       0x31 rtc.o
 .comment       0x00000030       0x31 slpctrl.o
 .comment       0x00000030       0x30 ../qtouch/lib/gcc\libqtm_touch_key_t816_0x0002.a(avr_touch_key_g_t816.o)
                                 0x31 (size before relaxing)
 .comment       0x00000060       0x31 ../qtouch/lib/gcc\libqtm_acq_runtime_t816_0x0008.a(avr_acq_runtime_g_t816.o)

.note.gnu.avr.deviceinfo
                0x00000000       0x3c
 .note.gnu.avr.deviceinfo
                0x00000000       0x3c C:/Program Files (x86)/Atmel/Studio/7.0/Packs/Atmel/ATtiny_DFP/1.9.337/gcc/dev/attiny816/avrxmega3/short-calls/crtattiny816.o

.note.gnu.build-id
 *(.note.gnu.build-id)

.debug
 *(.debug)

.line
 *(.line)

.debug_srcinfo
 *(.debug_srcinfo)

.debug_sfnames
 *(.debug_sfnames)

.debug_aranges  0x00000000      0x368
 *(.debug_aranges)
 .debug_aranges
                0x00000000       0x20 atmel_start.o
 .debug_aranges
                0x00000020       0x20 driver_isr.o
 .debug_aranges
                0x00000040       0x58 adc_basic.o
 .debug_aranges
                0x00000098       0x58 main.o
 .debug_aranges
                0x000000f0       0xa8 touch.o
 .debug_aranges
                0x00000198       0x20 bod.o
 .debug_aranges
                0x000001b8       0x20 clkctrl.o
 .debug_aranges
                0x000001d8       0x20 cpuint.o
 .debug_aranges
                0x000001f8       0x38 driver_init.o
 .debug_aranges
                0x00000230       0xd0 i2c_slave.o
 .debug_aranges
                0x00000300       0x20 protected_io.o
 .debug_aranges
                0x00000320       0x20 rtc.o
 .debug_aranges
                0x00000340       0x28 slpctrl.o

.debug_pubnames
 *(.debug_pubnames)

.debug_info     0x00000000     0x6095
 *(.debug_info .gnu.linkonce.wi.*)
 .debug_info    0x00000000     0x16bc C:/Program Files (x86)/Atmel/Studio/7.0/Packs/Atmel/ATtiny_DFP/1.9.337/gcc/dev/attiny816/avrxmega3/short-calls/crtattiny816.o
 .debug_info    0x000016bc       0x9a atmel_start.o
 .debug_info    0x00001756      0x312 driver_isr.o
 .debug_info    0x00001a68      0x5a2 adc_basic.o
 .debug_info    0x0000200a      0xeb0 main.o
 .debug_info    0x00002eba     0x1208 touch.o
 .debug_info    0x000040c2       0x8d bod.o
 .debug_info    0x0000414f      0x2b5 clkctrl.o
 .debug_info    0x00004404       0x8d cpuint.o
 .debug_info    0x00004491     0x10c4 driver_init.o
 .debug_info    0x00005555      0x619 i2c_slave.o
 .debug_info    0x00005b6e       0x78 protected_io.o
 .debug_info    0x00005be6      0x364 rtc.o
 .debug_info    0x00005f4a      0x14b slpctrl.o

.debug_abbrev   0x00000000     0x25dd
 *(.debug_abbrev)
 .debug_abbrev  0x00000000     0x1582 C:/Program Files (x86)/Atmel/Studio/7.0/Packs/Atmel/ATtiny_DFP/1.9.337/gcc/dev/attiny816/avrxmega3/short-calls/crtattiny816.o
 .debug_abbrev  0x00001582       0x63 atmel_start.o
 .debug_abbrev  0x000015e5      0x103 driver_isr.o
 .debug_abbrev  0x000016e8      0x19f adc_basic.o
 .debug_abbrev  0x00001887      0x2eb main.o
 .debug_abbrev  0x00001b72      0x33d touch.o
 .debug_abbrev  0x00001eaf       0x51 bod.o
 .debug_abbrev  0x00001f00      0x117 clkctrl.o
 .debug_abbrev  0x00002017       0x51 cpuint.o
 .debug_abbrev  0x00002068      0x1e1 driver_init.o
 .debug_abbrev  0x00002249      0x1c4 i2c_slave.o
 .debug_abbrev  0x0000240d       0x14 protected_io.o
 .debug_abbrev  0x00002421       0xe6 rtc.o
 .debug_abbrev  0x00002507       0xd6 slpctrl.o

.debug_line     0x00000000     0x1892
 *(.debug_line .debug_line.* .debug_line_end)
 .debug_line    0x00000000      0x136 C:/Program Files (x86)/Atmel/Studio/7.0/Packs/Atmel/ATtiny_DFP/1.9.337/gcc/dev/attiny816/avrxmega3/short-calls/crtattiny816.o
 .debug_line    0x00000136       0x60 atmel_start.o
 .debug_line    0x00000196       0xcf driver_isr.o
 .debug_line    0x00000265      0x201 adc_basic.o
 .debug_line    0x00000466      0x52e main.o
 .debug_line    0x00000994      0x3f4 touch.o
 .debug_line    0x00000d88       0xa2 bod.o
 .debug_line    0x00000e2a       0xf2 clkctrl.o
 .debug_line    0x00000f1c       0xab cpuint.o
 .debug_line    0x00000fc7      0x2f5 driver_init.o
 .debug_line    0x000012bc      0x3d5 i2c_slave.o
 .debug_line    0x00001691       0x55 protected_io.o
 .debug_line    0x000016e6       0xd4 rtc.o
 .debug_line    0x000017ba       0xd8 slpctrl.o

.debug_frame    0x00000000      0x630
 *(.debug_frame)
 .debug_frame   0x00000000       0x24 atmel_start.o
 .debug_frame   0x00000024       0x6c driver_isr.o
 .debug_frame   0x00000090       0x94 adc_basic.o
 .debug_frame   0x00000124       0x94 main.o
 .debug_frame   0x000001b8      0x194 touch.o
 .debug_frame   0x0000034c       0x24 bod.o
 .debug_frame   0x00000370       0x24 clkctrl.o
 .debug_frame   0x00000394       0x24 cpuint.o
 .debug_frame   0x000003b8       0x54 driver_init.o
 .debug_frame   0x0000040c      0x1cc i2c_slave.o
 .debug_frame   0x000005d8       0x24 rtc.o
 .debug_frame   0x000005fc       0x34 slpctrl.o

.debug_str      0x00000000     0x2d74
 *(.debug_str)
 .debug_str     0x00000000      0x9a7 C:/Program Files (x86)/Atmel/Studio/7.0/Packs/Atmel/ATtiny_DFP/1.9.337/gcc/dev/attiny816/avrxmega3/short-calls/crtattiny816.o
 .debug_str     0x000009a7      0x166 atmel_start.o
                                0x19a (size before relaxing)
 .debug_str     0x00000b0d       0xf7 driver_isr.o
                                0x287 (size before relaxing)
 .debug_str     0x00000c04      0x595 adc_basic.o
                                0x783 (size before relaxing)
 .debug_str     0x00001199      0x702 main.o
                                0xa4e (size before relaxing)
 .debug_str     0x0000189b      0xc12 touch.o
                                0xf8e (size before relaxing)
 .debug_str     0x000024ad       0x16 bod.o
                                0x187 (size before relaxing)
 .debug_str     0x000024c3      0x1a1 clkctrl.o
                                0x385 (size before relaxing)
 .debug_str     0x00002664       0x1c cpuint.o
                                0x18d (size before relaxing)
 .debug_str     0x00002680      0x26e driver_init.o
                                0x696 (size before relaxing)
 .debug_str     0x000028ee      0x239 i2c_slave.o
                                0x539 (size before relaxing)
 .debug_str     0x00002b27      0x19d rtc.o
                                0x405 (size before relaxing)
 .debug_str     0x00002cc4       0xb0 slpctrl.o
                                0x253 (size before relaxing)

.debug_loc      0x00000000      0xf2d
 *(.debug_loc)
 .debug_loc     0x00000000       0xcb driver_isr.o
 .debug_loc     0x000000cb       0x4e adc_basic.o
 .debug_loc     0x00000119      0x339 main.o
 .debug_loc     0x00000452      0x461 touch.o
 .debug_loc     0x000008b3       0x29 clkctrl.o
 .debug_loc     0x000008dc      0x538 driver_init.o
 .debug_loc     0x00000e14       0xf8 i2c_slave.o
 .debug_loc     0x00000f0c       0x21 slpctrl.o

.debug_macinfo
 *(.debug_macinfo)

.debug_weaknames
 *(.debug_weaknames)

.debug_funcnames
 *(.debug_funcnames)

.debug_typenames
 *(.debug_typenames)

.debug_varnames
 *(.debug_varnames)

.debug_pubtypes
 *(.debug_pubtypes)

.debug_ranges   0x00000000      0x2a0
 *(.debug_ranges)
 .debug_ranges  0x00000000       0x10 atmel_start.o
 .debug_ranges  0x00000010       0x10 driver_isr.o
 .debug_ranges  0x00000020       0x48 adc_basic.o
 .debug_ranges  0x00000068       0x60 main.o
 .debug_ranges  0x000000c8       0x98 touch.o
 .debug_ranges  0x00000160       0x10 bod.o
 .debug_ranges  0x00000170       0x10 clkctrl.o
 .debug_ranges  0x00000180       0x10 cpuint.o
 .debug_ranges  0x00000190       0x28 driver_init.o
 .debug_ranges  0x000001b8       0xc0 i2c_slave.o
 .debug_ranges  0x00000278       0x10 rtc.o
 .debug_ranges  0x00000288       0x18 slpctrl.o

.debug_macro
 *(.debug_macro)
OUTPUT(Sense.elf elf32-avr)
LOAD linker stubs
